Microchip MPLAB XC8 Compiler V2.31

Linker command line:

-W-3 --edf=C:\Program Files\Microchip\xc8\v2.31\pic\dat\en_msgs.txt -cn \
  -h+dist/default/production\ultrasonico.X.production.sym \
  --cmf=dist/default/production\ultrasonico.X.production.cmf -z -Q16F887 \
  -oC:\Users\angel\AppData\Local\Temp\s5ag.2 --defsym=__MPLAB_BUILD=1 \
  -Mdist/default/production/ultrasonico.X.production.map -E1 \
  -ver=XC8 Compiler --acfsm=1493 -ASTACK=0110h-016Fh -pstack=STACK \
  -ACODE=00h-07FFhx4 -ASTRCODE=00h-01FFFh -ASTRING=00h-0FFhx32 \
  -ACONST=00h-0FFhx32 -AENTRY=00h-0FFhx32 -ACOMMON=070h-07Fh \
  -ABANK0=020h-06Fh -ABANK1=0A0h-0EFh -ABANK2=0110h-016Fh \
  -ABANK3=0190h-01EFh -ARAM=020h-06Fh,0A0h-0EFh,0110h-016Fh,0190h-01EFh \
  -AABS1=020h-07Fh,0A0h-0EFh,0110h-016Fh,0190h-01EFh -ASFR0=00h-01Fh \
  -ASFR1=080h-09Fh -ASFR2=0100h-010Fh -ASFR3=0180h-018Fh \
  -ACONFIG=02007h-02008h -DCONFIG=2 -AIDLOC=02000h-02003h -DIDLOC=2 \
  -AEEDATA=00h-0FFh/02100h -peeprom_data=EEDATA -DEEDATA=2 -DCODE=2 \
  -DSTRCODE=2 -DSTRING=2 -DCONST=2 -DENTRY=2 \
  -preset_vec=00h,intentry,init,end_init -ppowerup=CODE -pcinit=CODE \
  -pfunctab=ENTRY -k C:\Users\angel\AppData\Local\Temp\s5ag.o \
  dist/default/production\ultrasonico.X.production.o 

Object code version is 3.11

Machine type is 16F887



                Name                               Link     Load   Length Selector   Space Scale
C:\Users\angel\AppData\Local\Temp\s5ag.o
                end_init                              0        0        3        0       0
                config                             2007     2007        2        0       4
dist/default/production\ultrasonico.X.production.o
                cinit                               7F8      7F8        8      FF0       0
                config                             2007     2007        2        0       4
                text11                              538      538       44      A70       0
                text10                              5D8      5D8       75      BB0       0
                text9                               467      467       16      8CE       0
                text8                               47D      47D       16      8FA       0
                text7                               57C      57C       5C      AF8       0
                text6                               4CB      4CB       2D      996       0
                text5                               64D      64D       87      C9A       0
                text4                               4F8      4F8       40      9F0       0
                text3                               4AE      4AE       1D      95C       0
                text2                               493      493       1B      926       0
                text1                               6D4      6D4       8E      DA8       0
                maintext                            762      762       96      EC4       0
                cstackCOMMON                         70       70        A       70       1
                bssCOMMON                            7A       7A        4       70       1

TOTAL           Name                               Link     Load   Length     Space
        CLASS   STACK          

        CLASS   CODE           
                end_init                              0        0        3         0
                cinit                               7F8      7F8        8         0
                text11                              538      538       44         0
                text10                              5D8      5D8       75         0
                text9                               467      467       16         0
                text8                               47D      47D       16         0
                text7                               57C      57C       5C         0
                text6                               4CB      4CB       2D         0
                text5                               64D      64D       87         0
                text4                               4F8      4F8       40         0
                text3                               4AE      4AE       1D         0
                text2                               493      493       1B         0
                text1                               6D4      6D4       8E         0
                maintext                            762      762       96         0

        CLASS   STRCODE        

        CLASS   STRING         

        CLASS   CONST          

        CLASS   ENTRY          

        CLASS   COMMON         
                cstackCOMMON                         70       70        A         1
                bssCOMMON                            7A       7A        4         1

        CLASS   BANK0          

        CLASS   BANK1          

        CLASS   BANK2          

        CLASS   BANK3          

        CLASS   RAM            

        CLASS   ABS1           
                abs_s1                               7E       7E        2         1

        CLASS   SFR0           

        CLASS   SFR1           

        CLASS   SFR2           

        CLASS   SFR3           

        CLASS   CONFIG         
                config                             2007     2007        2         4

        CLASS   IDLOC          

        CLASS   EEDATA         



SEGMENTS        Name                           Load    Length   Top    Selector   Space  Class     Delta

                reset_vec                      000000  000003  000003         0       0  CODE        2
                cstackCOMMON                   000070  00000E  00007E        70       1  COMMON      1
                text9                          000467  000016  00047D       8CE       0  CODE        2
                text8                          00047D  000016  000493       8FA       0  CODE        2
                text2                          000493  00001B  0004AE       926       0  CODE        2
                text3                          0004AE  00001D  0004CB       95C       0  CODE        2
                text6                          0004CB  00002D  0004F8       996       0  CODE        2
                text4                          0004F8  000040  000538       9F0       0  CODE        2
                text11                         000538  000044  00057C       A70       0  CODE        2
                text7                          00057C  00005C  0005D8       AF8       0  CODE        2
                text10                         0005D8  000075  00064D       BB0       0  CODE        2
                text5                          00064D  000087  0006D4       C9A       0  CODE        2
                text1                          0006D4  00008E  000762       DA8       0  CODE        2
                maintext                       000762  000096  0007F8       EC4       0  CODE        2
                cinit                          0007F8  000008  000800       FF0       0  CODE        2


UNUSED ADDRESS RANGES

        Name                Unused          Largest block    Delta
        BANK0            0020-006F             50           1
        BANK1            00A0-00EF             50           1
        BANK2            0110-016F             60           1
        BANK3            0190-01EF             60           1
        CODE             0003-0466            464           2
                         0800-1FFF            800
        CONST            0003-0466            100           2
                         0800-1FFF            100
        EEDATA           2100-21FF            100           2
        ENTRY            0003-0466            100           2
                         0800-1FFF            100
        IDLOC            2000-2003              4           2
        RAM              0020-006F             50           1
                         00A0-00EF             50
                         0110-016F             60
                         0190-01EF             60
        SFR0             0000-001F             20           1
        SFR1             0080-009F             20           1
        SFR2             0100-010F             10           1
        SFR3             0180-018F             10           1
        STACK            0110-016F             60           1
        STRCODE          0003-0466            464           2
                         0800-1FFF           1800
        STRING           0003-0466            100           2
                         0800-1FFF            100

                                  Symbol Table

?___lwdiv                cstackCOMMON 0070
_ANSEL                   (abs)        0188
_ANSELH                  (abs)        0189
_OSCCONbits              (abs)        008F
_PORTA                   (abs)        0005
_PORTB                   (abs)        0006
_PORTC                   (abs)        0007
_PORTD                   (abs)        0008
_PORTE                   (abs)        0009
_RB0                     (abs)        0030
_RB1                     (abs)        0031
_RE0                     (abs)        0048
_RE1                     (abs)        0049
_RE2                     (abs)        004A
_T1CONbits               (abs)        0010
_TMR1                    (abs)        000E
_TRISA                   (abs)        0085
_TRISB                   (abs)        0086
_TRISC                   (abs)        0087
_TRISD                   (abs)        0088
_TRISE                   (abs)        0089
__Habs1                  abs1         0000
__Hbank0                 bank0        0000
__Hbank1                 bank1        0000
__Hbank2                 bank2        0000
__Hbank3                 bank3        0000
__HbssCOMMON             bssCOMMON    0000
__Hcinit                 cinit        0800
__Hclrtext               clrtext      0000
__Hcode                  code         0000
__Hcommon                common       0000
__Hconfig                config       2009
__HcstackCOMMON          cstackCOMMON 0000
__Heeprom_data           eeprom_data  0000
__Hend_init              end_init     0003
__Hfunctab               functab      0000
__Hinit                  init         0000
__Hintentry              intentry     0000
__Hmaintext              maintext     0000
__Hpowerup               powerup      0000
__Hram                   ram          0000
__Hreset_vec             reset_vec    0000
__Hsfr0                  sfr0         0000
__Hsfr1                  sfr1         0000
__Hsfr2                  sfr2         0000
__Hsfr3                  sfr3         0000
__Hspace_0               (abs)        0800
__Hspace_1               (abs)        007E
__Hspace_2               (abs)        0000
__Hspace_3               (abs)        0000
__Hspace_4               (abs)        4010
__Hstack                 stack        0000
__Hstrings               strings      0000
__Htext                  text         0000
__Labs1                  abs1         0000
__Lbank0                 bank0        0000
__Lbank1                 bank1        0000
__Lbank2                 bank2        0000
__Lbank3                 bank3        0000
__LbssCOMMON             bssCOMMON    0000
__Lcinit                 cinit        07F8
__Lclrtext               clrtext      0000
__Lcode                  code         0000
__Lcommon                common       0000
__Lconfig                config       0000
__LcstackCOMMON          cstackCOMMON 0000
__Leeprom_data           eeprom_data  0000
__Lend_init              end_init     0000
__Lfunctab               functab      0000
__Linit                  init         0000
__Lintentry              intentry     0000
__Lmaintext              maintext     0000
__Lpowerup               powerup      0000
__Lram                   ram          0000
__Lreset_vec             reset_vec    0000
__Lsfr0                  sfr0         0000
__Lsfr1                  sfr1         0000
__Lsfr2                  sfr2         0000
__Lsfr3                  sfr3         0000
__Lspace_0               (abs)        0000
__Lspace_1               (abs)        0000
__Lspace_2               (abs)        0000
__Lspace_3               (abs)        0000
__Lspace_4               (abs)        0000
__Lstack                 stack        0000
__Lstrings               strings      0000
__Ltext                  text         0000
__S0                     (abs)        0800
__S1                     (abs)        007E
__S2                     (abs)        0000
__S3                     (abs)        0000
___int_sp                stack        0000
___latbits               (abs)        0002
___lwdiv                 text11       0538
___lwdiv@counter         cstackCOMMON 0077
___lwdiv@dividend        cstackCOMMON 0072
___lwdiv@divisor         cstackCOMMON 0070
___lwdiv@quotient        cstackCOMMON 0075
___sp                    stack        0000
___stackhi               (abs)        0000
___stacklo               (abs)        0000
__end_of___lwdiv         text11       057C
__end_of__initialization cinit        07FC
__end_of_caracteres_LCD  text3        04CB
__end_of_centenas        text10       064D
__end_of_centrado_LCD    text8        0493
__end_of_comando_LCD     text9        047D
__end_of_conf_OSCCON     text7        05D8
__end_of_conf_TMR1       text6        04F8
__end_of_decenas         text5        06D4
__end_of_init_LCD        text4        0538
__end_of_main            maintext     07F8
__end_of_sed_LCD         text2        04AE
__end_of_unidades        text1        0762
__initialization         cinit        07F8
__pbssCOMMON             bssCOMMON    007A
__pcstackCOMMON          cstackCOMMON 0070
__pmaintext              maintext     0762
__ptext1                 text1        06D4
__ptext10                text10       05D8
__ptext11                text11       0538
__ptext2                 text2        0493
__ptext3                 text3        04AE
__ptext4                 text4        04F8
__ptext5                 text5        064D
__ptext6                 text6        04CB
__ptext7                 text7        057C
__ptext8                 text8        047D
__ptext9                 text9        0467
__size_of___lwdiv        (abs)        0000
__size_of_caracteres_LCD (abs)        0000
__size_of_centenas       (abs)        0000
__size_of_centrado_LCD   (abs)        0000
__size_of_comando_LCD    (abs)        0000
__size_of_conf_OSCCON    (abs)        0000
__size_of_conf_TMR1      (abs)        0000
__size_of_decenas        (abs)        0000
__size_of_init_LCD       (abs)        0000
__size_of_main           (abs)        0000
__size_of_sed_LCD        (abs)        0000
__size_of_unidades       (abs)        0000
_caracteres_LCD          text3        04AE
_centenas                text10       05D8
_centrado_LCD            text8        047D
_comando_LCD             text9        0467
_conf_OSCCON             text7        057C
_conf_TMR1               text6        04CB
_decenas                 text5        064D
_dist                    bssCOMMON    007A
_init_LCD                text4        04F8
_main                    maintext     0762
_sed_LCD                 text2        0493
_unidades                text1        06D4
_volt                    bssCOMMON    007C
btemp                    (abs)        007E
caracteres_LCD@data      cstackCOMMON 0071
centenas@cantidad        cstackCOMMON 0070
centenas@centenas        cstackCOMMON 0075
centenas@cont            cstackCOMMON 0073
centrado_LCD@x           cstackCOMMON 0073
centrado_LCD@y           cstackCOMMON 0072
comando_LCD@dato         cstackCOMMON 0071
conf_OSCCON@frecuencia   cstackCOMMON 0072
conf_TMR1@pre_escaler    cstackCOMMON 0072
decenas@cantidad         cstackCOMMON 0070
decenas@cont             cstackCOMMON 0073
decenas@decenas          cstackCOMMON 0075
end_of_initialization    cinit        07FC
intlevel0                functab      0000
intlevel1                functab      0000
intlevel2                functab      0000
intlevel3                functab      0000
intlevel4                functab      0000
intlevel5                functab      0000
reset_vec                reset_vec    0000
sed_LCD@dato             cstackCOMMON 0073
start                    init         0000
start_initialization     cinit        07F8
unidades@cantidad        cstackCOMMON 0070
unidades@cont            cstackCOMMON 0073
unidades@unidades        cstackCOMMON 0075
wtemp0                   (abs)        007E


FUNCTION INFORMATION:

 *************** function _main *****************
 Defined at:
		line 43 in file "sensor.c"
 Parameters:    Size  Location     Type
		None
 Auto vars:     Size  Location     Type
		None
 Return value:  Size  Location     Type
                  1    wreg      void 
 Registers used:
		wreg, fsr0l, fsr0h, status,2, status,0, pclath, cstack
 Tracked objects:
		On entry : 
		On exit  : 
		Unchanged: 
 Data sizes:     COMMON   BANK0   BANK1   BANK3   BANK2
      Params:         0       0       0       0       0
      Locals:         0       0       0       0       0
      Temps:          2       0       0       0       0
      Totals:         2       0       0       0       0
Total ram usage:        2 bytes
 Hardware stack levels required when called:    2
 This function calls:
		___lwdiv
		_centenas
		_centrado_LCD
		_conf_OSCCON
		_conf_TMR1
		_decenas
		_init_LCD
		_sed_LCD
		_unidades
 This function is called by:
		Startup code after reset
 This function uses a non-reentrant model


 *************** function _unidades *****************
 Defined at:
		line 224 in file "libreria.c"
 Parameters:    Size  Location     Type
  cantidad        2    0[COMMON] unsigned int 
 Auto vars:     Size  Location     Type
  cont            2    3[COMMON] unsigned int 
  unidades        1    5[COMMON] unsigned char 
 Return value:  Size  Location     Type
                  1    wreg      unsigned char 
 Registers used:
		wreg, fsr0l, fsr0h, status,2, status,0
 Tracked objects:
		On entry : 
		On exit  : 
		Unchanged: 
 Data sizes:     COMMON   BANK0   BANK1   BANK3   BANK2
      Params:         2       0       0       0       0
      Locals:         3       0       0       0       0
      Temps:          1       0       0       0       0
      Totals:         6       0       0       0       0
Total ram usage:        6 bytes
 Hardware stack levels used:    1
 This function calls:
		Nothing
 This function is called by:
		_main
 This function uses a non-reentrant model


 *************** function _sed_LCD *****************
 Defined at:
		line 118 in file "libreria.c"
 Parameters:    Size  Location     Type
  dato            1    wreg     PTR unsigned char 
		 -> volt(2), 
 Auto vars:     Size  Location     Type
  dato            1    3[COMMON] PTR unsigned char 
		 -> volt(2), 
 Return value:  Size  Location     Type
                  1    wreg      void 
 Registers used:
		wreg, fsr0l, fsr0h, status,2, status,0, pclath, cstack
 Tracked objects:
		On entry : 
		On exit  : 
		Unchanged: 
 Data sizes:     COMMON   BANK0   BANK1   BANK3   BANK2
      Params:         0       0       0       0       0
      Locals:         1       0       0       0       0
      Temps:          1       0       0       0       0
      Totals:         2       0       0       0       0
Total ram usage:        2 bytes
 Hardware stack levels used:    1
 Hardware stack levels required when called:    1
 This function calls:
		_caracteres_LCD
 This function is called by:
		_main
 This function uses a non-reentrant model


 *************** function _caracteres_LCD *****************
 Defined at:
		line 127 in file "libreria.c"
 Parameters:    Size  Location     Type
  data            1    wreg     unsigned char 
 Auto vars:     Size  Location     Type
  data            1    1[COMMON] unsigned char 
 Return value:  Size  Location     Type
                  1    wreg      void 
 Registers used:
		wreg
 Tracked objects:
		On entry : 
		On exit  : 
		Unchanged: 
 Data sizes:     COMMON   BANK0   BANK1   BANK3   BANK2
      Params:         0       0       0       0       0
      Locals:         1       0       0       0       0
      Temps:          1       0       0       0       0
      Totals:         2       0       0       0       0
Total ram usage:        2 bytes
 Hardware stack levels used:    1
 This function calls:
		Nothing
 This function is called by:
		_sed_LCD
 This function uses a non-reentrant model


 *************** function _init_LCD *****************
 Defined at:
		line 73 in file "libreria.c"
 Parameters:    Size  Location     Type
		None
 Auto vars:     Size  Location     Type
		None
 Return value:  Size  Location     Type
                  1    wreg      void 
 Registers used:
		wreg, status,2, status,0, pclath, cstack
 Tracked objects:
		On entry : 
		On exit  : 
		Unchanged: 
 Data sizes:     COMMON   BANK0   BANK1   BANK3   BANK2
      Params:         0       0       0       0       0
      Locals:         0       0       0       0       0
      Temps:          2       0       0       0       0
      Totals:         2       0       0       0       0
Total ram usage:        2 bytes
 Hardware stack levels used:    1
 Hardware stack levels required when called:    1
 This function calls:
		_comando_LCD
 This function is called by:
		_main
 This function uses a non-reentrant model


 *************** function _decenas *****************
 Defined at:
		line 183 in file "libreria.c"
 Parameters:    Size  Location     Type
  cantidad        2    0[COMMON] unsigned int 
 Auto vars:     Size  Location     Type
  cont            2    3[COMMON] unsigned int 
  decenas         1    5[COMMON] unsigned char 
 Return value:  Size  Location     Type
                  1    wreg      unsigned char 
 Registers used:
		wreg, fsr0l, fsr0h, status,2, status,0
 Tracked objects:
		On entry : 
		On exit  : 
		Unchanged: 
 Data sizes:     COMMON   BANK0   BANK1   BANK3   BANK2
      Params:         2       0       0       0       0
      Locals:         3       0       0       0       0
      Temps:          1       0       0       0       0
      Totals:         6       0       0       0       0
Total ram usage:        6 bytes
 Hardware stack levels used:    1
 This function calls:
		Nothing
 This function is called by:
		_main
 This function uses a non-reentrant model


 *************** function _conf_TMR1 *****************
 Defined at:
		line 49 in file "libreria.c"
 Parameters:    Size  Location     Type
  pre_escaler     1    wreg     unsigned char 
 Auto vars:     Size  Location     Type
  pre_escaler     1    2[COMMON] unsigned char 
 Return value:  Size  Location     Type
                  1    wreg      void 
 Registers used:
		wreg, fsr0l, fsr0h, status,2, status,0
 Tracked objects:
		On entry : 
		On exit  : 
		Unchanged: 
 Data sizes:     COMMON   BANK0   BANK1   BANK3   BANK2
      Params:         0       0       0       0       0
      Locals:         1       0       0       0       0
      Temps:          2       0       0       0       0
      Totals:         3       0       0       0       0
Total ram usage:        3 bytes
 Hardware stack levels used:    1
 This function calls:
		Nothing
 This function is called by:
		_main
 This function uses a non-reentrant model


 *************** function _conf_OSCCON *****************
 Defined at:
		line 15 in file "libreria.c"
 Parameters:    Size  Location     Type
  frecuencia      1    wreg     unsigned char 
 Auto vars:     Size  Location     Type
  frecuencia      1    2[COMMON] unsigned char 
 Return value:  Size  Location     Type
                  1    wreg      void 
 Registers used:
		wreg, fsr0l, fsr0h, status,2, status,0
 Tracked objects:
		On entry : 
		On exit  : 
		Unchanged: 
 Data sizes:     COMMON   BANK0   BANK1   BANK3   BANK2
      Params:         0       0       0       0       0
      Locals:         1       0       0       0       0
      Temps:          2       0       0       0       0
      Totals:         3       0       0       0       0
Total ram usage:        3 bytes
 Hardware stack levels used:    1
 This function calls:
		Nothing
 This function is called by:
		_main
 This function uses a non-reentrant model


 *************** function _centrado_LCD *****************
 Defined at:
		line 108 in file "libreria.c"
 Parameters:    Size  Location     Type
  x               1    wreg     unsigned char 
  y               1    2[COMMON] unsigned char 
 Auto vars:     Size  Location     Type
  x               1    3[COMMON] unsigned char 
 Return value:  Size  Location     Type
                  1    wreg      void 
 Registers used:
		wreg, status,2, status,0, pclath, cstack
 Tracked objects:
		On entry : 
		On exit  : 
		Unchanged: 
 Data sizes:     COMMON   BANK0   BANK1   BANK3   BANK2
      Params:         1       0       0       0       0
      Locals:         1       0       0       0       0
      Temps:          0       0       0       0       0
      Totals:         2       0       0       0       0
Total ram usage:        2 bytes
 Hardware stack levels used:    1
 Hardware stack levels required when called:    1
 This function calls:
		_comando_LCD
 This function is called by:
		_main
 This function uses a non-reentrant model


 *************** function _comando_LCD *****************
 Defined at:
		line 95 in file "libreria.c"
 Parameters:    Size  Location     Type
  dato            1    wreg     unsigned char 
 Auto vars:     Size  Location     Type
  dato            1    1[COMMON] unsigned char 
 Return value:  Size  Location     Type
                  1    wreg      void 
 Registers used:
		wreg
 Tracked objects:
		On entry : 
		On exit  : 
		Unchanged: 
 Data sizes:     COMMON   BANK0   BANK1   BANK3   BANK2
      Params:         0       0       0       0       0
      Locals:         1       0       0       0       0
      Temps:          1       0       0       0       0
      Totals:         2       0       0       0       0
Total ram usage:        2 bytes
 Hardware stack levels used:    1
 This function calls:
		Nothing
 This function is called by:
		_init_LCD
		_centrado_LCD
 This function uses a non-reentrant model


 *************** function _centenas *****************
 Defined at:
		line 145 in file "libreria.c"
 Parameters:    Size  Location     Type
  cantidad        2    0[COMMON] unsigned int 
 Auto vars:     Size  Location     Type
  cont            2    3[COMMON] unsigned int 
  centenas        1    5[COMMON] unsigned char 
 Return value:  Size  Location     Type
                  1    wreg      unsigned char 
 Registers used:
		wreg, fsr0l, fsr0h, status,2, status,0
 Tracked objects:
		On entry : 
		On exit  : 
		Unchanged: 
 Data sizes:     COMMON   BANK0   BANK1   BANK3   BANK2
      Params:         2       0       0       0       0
      Locals:         3       0       0       0       0
      Temps:          1       0       0       0       0
      Totals:         6       0       0       0       0
Total ram usage:        6 bytes
 Hardware stack levels used:    1
 This function calls:
		Nothing
 This function is called by:
		_main
 This function uses a non-reentrant model


 *************** function ___lwdiv *****************
 Defined at:
		line 5 in file "C:\Program Files\Microchip\xc8\v2.31\pic\sources\c90\common\lwdiv.c"
 Parameters:    Size  Location     Type
  divisor         2    0[COMMON] unsigned int 
  dividend        2    2[COMMON] unsigned int 
 Auto vars:     Size  Location     Type
  quotient        2    5[COMMON] unsigned int 
  counter         1    7[COMMON] unsigned char 
 Return value:  Size  Location     Type
                  2    0[COMMON] unsigned int 
 Registers used:
		wreg, status,2, status,0
 Tracked objects:
		On entry : 
		On exit  : 
		Unchanged: 
 Data sizes:     COMMON   BANK0   BANK1   BANK3   BANK2
      Params:         4       0       0       0       0
      Locals:         3       0       0       0       0
      Temps:          1       0       0       0       0
      Totals:         8       0       0       0       0
Total ram usage:        8 bytes
 Hardware stack levels used:    1
 This function calls:
		Nothing
 This function is called by:
		_main
 This function uses a non-reentrant model



MODULE INFORMATION

Module		Function		Class		Link	Load	Size
sensor.c
		_main          		CODE           	0762	0000	150

sensor.c estimated size: 150

libreria.c
		_caracteres_LCD		CODE           	04AE	0000	29
		_conf_TMR1     		CODE           	04CB	0000	45
		_comando_LCD   		CODE           	0467	0000	22
		_unidades      		CODE           	06D4	0000	142
		_init_LCD      		CODE           	04F8	0000	64
		_conf_OSCCON   		CODE           	057C	0000	92
		_decenas       		CODE           	064D	0000	135
		_centrado_LCD  		CODE           	047D	0000	22
		_sed_LCD       		CODE           	0493	0000	27
		_centenas      		CODE           	05D8	0000	117

libreria.c estimated size: 695

C:\Program Files\Microchip\xc8\v2.31\pic\sources\c90\common\lwdiv.c
		___lwdiv       		CODE           	0538	0000	68

C:\Program Files\Microchip\xc8\v2.31\pic\sources\c90\common\lwdiv.c estimated size: 68

shared
		__initialization		CODE           	07F8	0000	4

shared estimated size: 4

