Microchip MPLAB XC8 Compiler V2.31

Linker command line:

-W-3 --edf=C:\Program Files\Microchip\xc8\v2.31\pic\dat\en_msgs.txt -cn \
  -h+dist/default/production\lab02.X.production.sym \
  --cmf=dist/default/production\lab02.X.production.cmf -z -Q16F887 \
  -oC:\Users\angel\AppData\Local\Temp\so8k.2 --defsym=__MPLAB_BUILD=1 \
  -Mdist/default/production/lab02.X.production.map -E1 -ver=XC8 Compiler \
  --acfsm=1493 -ASTACK=0110h-016Fh -pstack=STACK -ACODE=00h-07FFhx4 \
  -ASTRCODE=00h-01FFFh -ASTRING=00h-0FFhx32 -ACONST=00h-0FFhx32 \
  -AENTRY=00h-0FFhx32 -ACOMMON=070h-07Fh -ABANK0=020h-06Fh \
  -ABANK1=0A0h-0EFh -ABANK2=0110h-016Fh -ABANK3=0190h-01EFh \
  -ARAM=020h-06Fh,0A0h-0EFh,0110h-016Fh,0190h-01EFh \
  -AABS1=020h-07Fh,0A0h-0EFh,0110h-016Fh,0190h-01EFh -ASFR0=00h-01Fh \
  -ASFR1=080h-09Fh -ASFR2=0100h-010Fh -ASFR3=0180h-018Fh \
  -ACONFIG=02007h-02008h -DCONFIG=2 -AIDLOC=02000h-02003h -DIDLOC=2 \
  -AEEDATA=00h-0FFh/02100h -peeprom_data=EEDATA -DEEDATA=2 -DCODE=2 \
  -DSTRCODE=2 -DSTRING=2 -DCONST=2 -DENTRY=2 \
  -preset_vec=00h,intentry=04h,init,end_init -ppowerup=CODE -pcinit=CODE \
  -pfunctab=ENTRY -k C:\Users\angel\AppData\Local\Temp\so8k.o \
  dist/default/production\lab02.X.production.o 

Object code version is 3.11

Machine type is 16F887



                Name                               Link     Load   Length Selector   Space Scale
C:\Users\angel\AppData\Local\Temp\so8k.o
                end_init                              E        E        3        8       0
                reset_vec                             0        0        3        0       0
                config                             2007     2007        2        0       4
dist/default/production\lab02.X.production.o
                cinit                                11       11        D        8       0
                intentry                              4        4        A        8       0
                config                             2007     2007        2        0       4
                text11                              1C6      1C6       69        8       0
                text10                              360      360       25        8       0
                text9                               151      151       75        8       0
                text8                                1E       1E       B5        8       0
                text7                               385      385       1A        8       0
                text6                               39F      39F       18        8       0
                text5                               2D4      2D4       42        8       0
                text4                               22F      22F       5E        8       0
                text3                               28D      28D       47        8       0
                text2                               33B      33B       25        8       0
                text1                               316      316       25        8       0
                maintext                             D3       D3       7E        8       0
                cstackBANK0                          20       20       16       20       1
                cstackCOMMON                         70       70        B       70       1
                clrtext                             3B7      3B7        8        8       0
                bssBANK0                             36       36       10       20       1

TOTAL           Name                               Link     Load   Length     Space
        CLASS   STACK          

        CLASS   CODE           
                end_init                              E        E        3         0
                cinit                                11       11        D         0
                intentry                              4        4        A         0
                reset_vec                             0        0        3         0
                text11                              1C6      1C6       69         0
                text10                              360      360       25         0
                text9                               151      151       75         0
                text8                                1E       1E       B5         0
                text7                               385      385       1A         0
                text6                               39F      39F       18         0
                text5                               2D4      2D4       42         0
                text4                               22F      22F       5E         0
                text3                               28D      28D       47         0
                text2                               33B      33B       25         0
                text1                               316      316       25         0
                maintext                             D3       D3       7E         0
                clrtext                             3B7      3B7        8         0

        CLASS   STRCODE        

        CLASS   STRING         

        CLASS   CONST          

        CLASS   ENTRY          

        CLASS   COMMON         
                cstackCOMMON                         70       70        B         1

        CLASS   BANK0          
                cstackBANK0                          20       20       16         1
                bssBANK0                             36       36       10         1

        CLASS   BANK1          

        CLASS   BANK2          

        CLASS   BANK3          

        CLASS   RAM            

        CLASS   ABS1           
                abs_s1                               7E       7E        2         1

        CLASS   SFR0           

        CLASS   SFR1           

        CLASS   SFR2           

        CLASS   SFR3           

        CLASS   CONFIG         
                config                             2007     2007        2         4

        CLASS   IDLOC          

        CLASS   EEDATA         



SEGMENTS        Name                           Load    Length   Top    Selector   Space  Class     Delta

                reset_vec                      000000  000003  000003         0       0  CODE        2
                intentry                       000004  0003BB  0003BF         8       0  CODE        2
                cstackBANK0                    000020  000026  000046        20       1  BANK0       1
                cstackCOMMON                   000070  00000B  00007B        70       1  COMMON      1


UNUSED ADDRESS RANGES

        Name                Unused          Largest block    Delta
        BANK0            0046-006F             2A           1
        BANK1            00A0-00EF             50           1
        BANK2            0110-016F             60           1
        BANK3            0190-01EF             60           1
        CODE             0003-0003              1           2
                         03BF-1FFF            800
        COMMON           007B-007D              3           1
        CONST            0003-0003              1           2
                         03BF-1FFF            100
        EEDATA           2100-21FF            100           2
        ENTRY            0003-0003              1           2
                         03BF-1FFF            100
        IDLOC            2000-2003              4           2
        RAM              0046-006F             2A           1
                         00A0-00EF             50
                         0110-016F             60
                         0190-01EF             60
        SFR0             0000-001F             20           1
        SFR1             0080-009F             20           1
        SFR2             0100-010F             10           1
        SFR3             0180-018F             10           1
        STACK            0110-016F             60           1
        STRCODE          0003-0003              1           2
                         03BF-1FFF           1C41
        STRING           0003-0003              1           2
                         03BF-1FFF            100

                                  Symbol Table

?___awdiv                cstackCOMMON 0076
?___wmul                 cstackCOMMON 0070
_ADCON0bits              (abs)        001F
_ADCON1bits              (abs)        009F
_ADIF                    (abs)        0066
_ADRESH                  (abs)        001E
_ADRESL                  (abs)        009E
_ANSEL                   (abs)        0188
_ANSELH                  (abs)        0189
_INTCONbits              (abs)        000B
_OSCCONbits              (abs)        008F
_PIE1bits                (abs)        008C
_PIR1bits                (abs)        000C
_PORTA                   (abs)        0005
_PORTB                   (abs)        0006
_PORTC                   (abs)        0007
_PORTD                   (abs)        0008
_PORTE                   (abs)        0009
_RC0                     (abs)        0038
_RC1                     (abs)        0039
_RC2                     (abs)        003A
_TRISA                   (abs)        0085
_TRISB                   (abs)        0086
_TRISC                   (abs)        0087
_TRISD                   (abs)        0088
_TRISE                   (abs)        0089
__Habs1                  abs1         0000
__Hbank0                 bank0        0000
__Hbank1                 bank1        0000
__Hbank2                 bank2        0000
__Hbank3                 bank3        0000
__HbssBANK0              bssBANK0     0000
__Hcinit                 cinit        001E
__Hclrtext               clrtext      0000
__Hcode                  code         0000
__Hcommon                common       0000
__Hconfig                config       2009
__HcstackBANK0           cstackBANK0  0000
__HcstackCOMMON          cstackCOMMON 0000
__Heeprom_data           eeprom_data  0000
__Hend_init              end_init     0011
__Hfunctab               functab      0000
__Hinit                  init         000E
__Hintentry              intentry     000E
__Hmaintext              maintext     0000
__Hpowerup               powerup      0000
__Hram                   ram          0000
__Hreset_vec             reset_vec    0003
__Hsfr0                  sfr0         0000
__Hsfr1                  sfr1         0000
__Hsfr2                  sfr2         0000
__Hsfr3                  sfr3         0000
__Hspace_0               (abs)        03BF
__Hspace_1               (abs)        007B
__Hspace_2               (abs)        0000
__Hspace_3               (abs)        0000
__Hspace_4               (abs)        4010
__Hstack                 stack        0000
__Hstrings               strings      0000
__Htext                  text         0000
__Labs1                  abs1         0000
__Lbank0                 bank0        0000
__Lbank1                 bank1        0000
__Lbank2                 bank2        0000
__Lbank3                 bank3        0000
__LbssBANK0              bssBANK0     0000
__Lcinit                 cinit        0011
__Lclrtext               clrtext      0000
__Lcode                  code         0000
__Lcommon                common       0000
__Lconfig                config       0000
__LcstackBANK0           cstackBANK0  0000
__LcstackCOMMON          cstackCOMMON 0000
__Leeprom_data           eeprom_data  0000
__Lend_init              end_init     000E
__Lfunctab               functab      0000
__Linit                  init         000E
__Lintentry              intentry     0004
__Lmaintext              maintext     0000
__Lpowerup               powerup      0000
__Lram                   ram          0000
__Lreset_vec             reset_vec    0000
__Lsfr0                  sfr0         0000
__Lsfr1                  sfr1         0000
__Lsfr2                  sfr2         0000
__Lsfr3                  sfr3         0000
__Lspace_0               (abs)        0000
__Lspace_1               (abs)        0000
__Lspace_2               (abs)        0000
__Lspace_3               (abs)        0000
__Lspace_4               (abs)        0000
__Lstack                 stack        0000
__Lstrings               strings      0000
__Ltext                  text         0000
__S0                     (abs)        03BF
__S1                     (abs)        007B
__S2                     (abs)        0000
__S3                     (abs)        0000
___awdiv                 text11       01C6
___awdiv@counter         cstackBANK0  0020
___awdiv@dividend        cstackCOMMON 0078
___awdiv@divisor         cstackCOMMON 0076
___awdiv@quotient        cstackBANK0  0022
___awdiv@sign            cstackBANK0  0021
___int_sp                stack        0000
___latbits               (abs)        0002
___sp                    stack        0000
___stackhi               (abs)        0000
___stacklo               (abs)        0000
___wmul                  text10       0360
___wmul@multiplicand     cstackCOMMON 0072
___wmul@multiplier       cstackCOMMON 0070
___wmul@product          cstackCOMMON 0074
__end_of___awdiv         text11       022F
__end_of___wmul          text10       0385
__end_of__initialization cinit        001A
__end_of_caracteres_LCD  text2        0360
__end_of_centenas        text8        00D3
__end_of_centrado_LCD    text6        03B7
__end_of_comando_LCD     text7        039F
__end_of_conf_ADC        text5        0316
__end_of_conf_OSCCON     text4        028D
__end_of_init_LCD        text3        02D4
__end_of_isr             text9        01C6
__end_of_main            maintext     0151
__end_of_sed_LCD         text1        033B
__initialization         cinit        0011
__pbssBANK0              bssBANK0     0036
__pcstackBANK0           cstackBANK0  0020
__pcstackCOMMON          cstackCOMMON 0070
__pintentry              intentry     0004
__pmaintext              maintext     00D3
__ptext1                 text1        0316
__ptext10                text10       0360
__ptext11                text11       01C6
__ptext2                 text2        033B
__ptext3                 text3        028D
__ptext4                 text4        022F
__ptext5                 text5        02D4
__ptext6                 text6        039F
__ptext7                 text7        0385
__ptext8                 text8        001E
__ptext9                 text9        0151
__size_of___awdiv        (abs)        0000
__size_of___wmul         (abs)        0000
__size_of_caracteres_LCD (abs)        0000
__size_of_centenas       (abs)        0000
__size_of_centrado_LCD   (abs)        0000
__size_of_comando_LCD    (abs)        0000
__size_of_conf_ADC       (abs)        0000
__size_of_conf_OSCCON    (abs)        0000
__size_of_init_LCD       (abs)        0000
__size_of_isr            (abs)        0000
__size_of_main           (abs)        0000
__size_of_sed_LCD        (abs)        0000
_caracteres_LCD          text2        033B
_centenas                text8        001E
_centrado_LCD            text6        039F
_comando_LCD             text7        0385
_conf_ADC                text5        02D4
_conf_OSCCON             text4        022F
_conversion1             bssBANK0     003E
_conversion2             bssBANK0     003A
_init_LCD                text3        028D
_isr                     text9        0151
_main                    maintext     00D3
_sed_LCD                 text1        0316
_voltaje1                bssBANK0     0042
btemp                    (abs)        007E
caracteres_LCD@data      cstackBANK0  0029
centenas@cantidad        cstackBANK0  0028
centenas@centenas        cstackBANK0  0034
centenas@cont            cstackBANK0  0030
centrado_LCD@x           cstackBANK0  002B
centrado_LCD@y           cstackBANK0  002A
clear_ram0               clrtext      03B7
comando_LCD@dato         cstackBANK0  0029
conf_ADC@canal           cstackBANK0  002B
conf_ADC@frec_reloj      cstackBANK0  0028
conf_OSCCON@frecuencia   cstackBANK0  002A
end_of_initialization    cinit        001A
interrupt_function       intentry     0004
intlevel0                functab      0000
intlevel1                functab      0000
intlevel2                functab      0000
intlevel3                functab      0000
intlevel4                functab      0000
intlevel5                functab      0000
reset_vec                reset_vec    0000
saved_w                  (abs)        007E
sed_LCD@dato             cstackBANK0  002B
start                    init         000E
start_initialization     cinit        0011
wtemp0                   (abs)        007E


FUNCTION INFORMATION:

 *************** function _main *****************
 Defined at:
		line 63 in file "lab02_main.c"
 Parameters:    Size  Location     Type
		None
 Auto vars:     Size  Location     Type
		None
 Return value:  Size  Location     Type
                  1    wreg      void 
 Registers used:
		wreg, fsr0l, fsr0h, status,2, status,0, pclath, cstack
 Tracked objects:
		On entry : 
		On exit  : 
		Unchanged: 
 Data sizes:     COMMON   BANK0   BANK1   BANK3   BANK2
      Params:         0       0       0       0       0
      Locals:         0       0       0       0       0
      Temps:          0       1       0       0       0
      Totals:         0       1       0       0       0
Total ram usage:        1 bytes
 Hardware stack levels required when called:    4
 This function calls:
		_centenas
		_centrado_LCD
		_conf_ADC
		_conf_OSCCON
		_init_LCD
		_sed_LCD
 This function is called by:
		Startup code after reset
 This function uses a non-reentrant model


 *************** function _sed_LCD *****************
 Defined at:
		line 129 in file "funciones.c"
 Parameters:    Size  Location     Type
  dato            1    wreg     PTR unsigned char 
		 -> voltaje1(4), 
 Auto vars:     Size  Location     Type
  dato            1   11[BANK0 ] PTR unsigned char 
		 -> voltaje1(4), 
 Return value:  Size  Location     Type
                  1    wreg      void 
 Registers used:
		wreg, fsr0l, fsr0h, status,2, status,0, pclath, cstack
 Tracked objects:
		On entry : 
		On exit  : 
		Unchanged: 
 Data sizes:     COMMON   BANK0   BANK1   BANK3   BANK2
      Params:         0       0       0       0       0
      Locals:         0       1       0       0       0
      Temps:          0       1       0       0       0
      Totals:         0       2       0       0       0
Total ram usage:        2 bytes
 Hardware stack levels used:    1
 Hardware stack levels required when called:    3
 This function calls:
		_caracteres_LCD
 This function is called by:
		_main
 This function uses a non-reentrant model


 *************** function _caracteres_LCD *****************
 Defined at:
		line 138 in file "funciones.c"
 Parameters:    Size  Location     Type
  data            1    wreg     unsigned char 
 Auto vars:     Size  Location     Type
  data            1    9[BANK0 ] unsigned char 
 Return value:  Size  Location     Type
                  1    wreg      void 
 Registers used:
		wreg
 Tracked objects:
		On entry : 
		On exit  : 
		Unchanged: 
 Data sizes:     COMMON   BANK0   BANK1   BANK3   BANK2
      Params:         0       0       0       0       0
      Locals:         0       1       0       0       0
      Temps:          0       1       0       0       0
      Totals:         0       2       0       0       0
Total ram usage:        2 bytes
 Hardware stack levels used:    1
 Hardware stack levels required when called:    2
 This function calls:
		Nothing
 This function is called by:
		_sed_LCD
 This function uses a non-reentrant model


 *************** function _init_LCD *****************
 Defined at:
		line 84 in file "funciones.c"
 Parameters:    Size  Location     Type
		None
 Auto vars:     Size  Location     Type
		None
 Return value:  Size  Location     Type
                  1    wreg      void 
 Registers used:
		wreg, status,2, status,0, pclath, cstack
 Tracked objects:
		On entry : 
		On exit  : 
		Unchanged: 
 Data sizes:     COMMON   BANK0   BANK1   BANK3   BANK2
      Params:         0       0       0       0       0
      Locals:         0       0       0       0       0
      Temps:          0       2       0       0       0
      Totals:         0       2       0       0       0
Total ram usage:        2 bytes
 Hardware stack levels used:    1
 Hardware stack levels required when called:    3
 This function calls:
		_comando_LCD
 This function is called by:
		_main
 This function uses a non-reentrant model


 *************** function _conf_OSCCON *****************
 Defined at:
		line 16 in file "funciones.c"
 Parameters:    Size  Location     Type
  frecuencia      1    wreg     unsigned char 
 Auto vars:     Size  Location     Type
  frecuencia      1   10[BANK0 ] unsigned char 
 Return value:  Size  Location     Type
                  1    wreg      void 
 Registers used:
		wreg, fsr0l, fsr0h, status,2, status,0
 Tracked objects:
		On entry : 
		On exit  : 
		Unchanged: 
 Data sizes:     COMMON   BANK0   BANK1   BANK3   BANK2
      Params:         0       0       0       0       0
      Locals:         0       1       0       0       0
      Temps:          0       2       0       0       0
      Totals:         0       3       0       0       0
Total ram usage:        3 bytes
 Hardware stack levels used:    1
 Hardware stack levels required when called:    2
 This function calls:
		Nothing
 This function is called by:
		_main
 This function uses a non-reentrant model


 *************** function _conf_ADC *****************
 Defined at:
		line 51 in file "funciones.c"
 Parameters:    Size  Location     Type
  canal           1    wreg     unsigned char 
  frec_reloj      1    8[BANK0 ] unsigned char 
 Auto vars:     Size  Location     Type
  canal           1   11[BANK0 ] unsigned char 
 Return value:  Size  Location     Type
                  1    wreg      void 
 Registers used:
		wreg, fsr0l, fsr0h, status,2, status,0
 Tracked objects:
		On entry : 
		On exit  : 
		Unchanged: 
 Data sizes:     COMMON   BANK0   BANK1   BANK3   BANK2
      Params:         0       1       0       0       0
      Locals:         0       1       0       0       0
      Temps:          0       2       0       0       0
      Totals:         0       4       0       0       0
Total ram usage:        4 bytes
 Hardware stack levels used:    1
 Hardware stack levels required when called:    2
 This function calls:
		Nothing
 This function is called by:
		_main
 This function uses a non-reentrant model


 *************** function _centrado_LCD *****************
 Defined at:
		line 119 in file "funciones.c"
 Parameters:    Size  Location     Type
  x               1    wreg     unsigned char 
  y               1   10[BANK0 ] unsigned char 
 Auto vars:     Size  Location     Type
  x               1   11[BANK0 ] unsigned char 
 Return value:  Size  Location     Type
                  1    wreg      void 
 Registers used:
		wreg, status,2, status,0, pclath, cstack
 Tracked objects:
		On entry : 
		On exit  : 
		Unchanged: 
 Data sizes:     COMMON   BANK0   BANK1   BANK3   BANK2
      Params:         0       1       0       0       0
      Locals:         0       1       0       0       0
      Temps:          0       0       0       0       0
      Totals:         0       2       0       0       0
Total ram usage:        2 bytes
 Hardware stack levels used:    1
 Hardware stack levels required when called:    3
 This function calls:
		_comando_LCD
 This function is called by:
		_main
 This function uses a non-reentrant model


 *************** function _comando_LCD *****************
 Defined at:
		line 106 in file "funciones.c"
 Parameters:    Size  Location     Type
  dato            1    wreg     unsigned char 
 Auto vars:     Size  Location     Type
  dato            1    9[BANK0 ] unsigned char 
 Return value:  Size  Location     Type
                  1    wreg      void 
 Registers used:
		wreg
 Tracked objects:
		On entry : 
		On exit  : 
		Unchanged: 
 Data sizes:     COMMON   BANK0   BANK1   BANK3   BANK2
      Params:         0       0       0       0       0
      Locals:         0       1       0       0       0
      Temps:          0       1       0       0       0
      Totals:         0       2       0       0       0
Total ram usage:        2 bytes
 Hardware stack levels used:    1
 Hardware stack levels required when called:    2
 This function calls:
		Nothing
 This function is called by:
		_init_LCD
		_centrado_LCD
 This function uses a non-reentrant model


 *************** function _centenas *****************
 Defined at:
		line 156 in file "funciones.c"
 Parameters:    Size  Location     Type
  cantidad        4    8[BANK0 ] unsigned long 
 Auto vars:     Size  Location     Type
  cont            4   16[BANK0 ] unsigned long 
  centenas        1   20[BANK0 ] unsigned char 
 Return value:  Size  Location     Type
                  1    wreg      unsigned char 
 Registers used:
		wreg, fsr0l, fsr0h, status,2, status,0
 Tracked objects:
		On entry : 
		On exit  : 
		Unchanged: 
 Data sizes:     COMMON   BANK0   BANK1   BANK3   BANK2
      Params:         0       4       0       0       0
      Locals:         0       5       0       0       0
      Temps:          0       4       0       0       0
      Totals:         0      13       0       0       0
Total ram usage:       13 bytes
 Hardware stack levels used:    1
 Hardware stack levels required when called:    2
 This function calls:
		Nothing
 This function is called by:
		_main
 This function uses a non-reentrant model


 *************** function _isr *****************
 Defined at:
		line 46 in file "lab02_main.c"
 Parameters:    Size  Location     Type
		None
 Auto vars:     Size  Location     Type
		None
 Return value:  Size  Location     Type
                  1    wreg      void 
 Registers used:
		wreg, status,2, status,0, pclath, cstack
 Tracked objects:
		On entry : 
		On exit  : 
		Unchanged: 
 Data sizes:     COMMON   BANK0   BANK1   BANK3   BANK2
      Params:         0       0       0       0       0
      Locals:         0       0       0       0       0
      Temps:          0       4       0       0       0
      Totals:         0       4       0       0       0
Total ram usage:        4 bytes
 Hardware stack levels used:    1
 Hardware stack levels required when called:    1
 This function calls:
		___awdiv
		___wmul
 This function is called by:
		Interrupt level 1
 This function uses a non-reentrant model


 *************** function ___wmul *****************
 Defined at:
		line 15 in file "C:\Program Files\Microchip\xc8\v2.31\pic\sources\c90\common\Umul16.c"
 Parameters:    Size  Location     Type
  multiplier      2    0[COMMON] unsigned int 
  multiplicand    2    2[COMMON] unsigned int 
 Auto vars:     Size  Location     Type
  product         2    4[COMMON] unsigned int 
 Return value:  Size  Location     Type
                  2    0[COMMON] unsigned int 
 Registers used:
		wreg, status,2, status,0
 Tracked objects:
		On entry : 
		On exit  : 
		Unchanged: 
 Data sizes:     COMMON   BANK0   BANK1   BANK3   BANK2
      Params:         4       0       0       0       0
      Locals:         2       0       0       0       0
      Temps:          0       0       0       0       0
      Totals:         6       0       0       0       0
Total ram usage:        6 bytes
 Hardware stack levels used:    1
 This function calls:
		Nothing
 This function is called by:
		_isr
 This function uses a non-reentrant model


 *************** function ___awdiv *****************
 Defined at:
		line 5 in file "C:\Program Files\Microchip\xc8\v2.31\pic\sources\c90\common\awdiv.c"
 Parameters:    Size  Location     Type
  divisor         2    6[COMMON] int 
  dividend        2    8[COMMON] int 
 Auto vars:     Size  Location     Type
  quotient        2    2[BANK0 ] int 
  sign            1    1[BANK0 ] unsigned char 
  counter         1    0[BANK0 ] unsigned char 
 Return value:  Size  Location     Type
                  2    6[COMMON] int 
 Registers used:
		wreg, status,2, status,0
 Tracked objects:
		On entry : 
		On exit  : 
		Unchanged: 
 Data sizes:     COMMON   BANK0   BANK1   BANK3   BANK2
      Params:         4       0       0       0       0
      Locals:         0       4       0       0       0
      Temps:          1       0       0       0       0
      Totals:         5       4       0       0       0
Total ram usage:        9 bytes
 Hardware stack levels used:    1
 This function calls:
		Nothing
 This function is called by:
		_isr
 This function uses a non-reentrant model



MODULE INFORMATION

Module		Function		Class		Link	Load	Size
lab02_main.c
		_main          		CODE           	00D3	0000	126
		_isr           		CODE           	0151	0000	117

lab02_main.c estimated size: 243

C:\Program Files\Microchip\xc8\v2.31\pic\sources\c90\common\Umul16.c
		___wmul        		CODE           	0360	0000	37

C:\Program Files\Microchip\xc8\v2.31\pic\sources\c90\common\Umul16.c estimated size: 37

funciones.c
		_caracteres_LCD		CODE           	033B	0000	37
		_comando_LCD   		CODE           	0385	0000	26
		_conf_ADC      		CODE           	02D4	0000	66
		_init_LCD      		CODE           	028D	0000	71
		_conf_OSCCON   		CODE           	022F	0000	94
		_centrado_LCD  		CODE           	039F	0000	24
		_sed_LCD       		CODE           	0316	0000	37
		_centenas      		CODE           	001E	0000	181

funciones.c estimated size: 536

C:\Program Files\Microchip\xc8\v2.31\pic\sources\c90\common\awdiv.c
		___awdiv       		CODE           	01C6	0000	105

C:\Program Files\Microchip\xc8\v2.31\pic\sources\c90\common\awdiv.c estimated size: 105

shared
		__initialization		CODE           	0011	0000	9

shared estimated size: 9

