Microchip MPLAB XC8 Compiler V2.31

Linker command line:

-W-3 --edf=C:\Program Files\Microchip\xc8\v2.31\pic\dat\en_msgs.txt -cn \
  -h+dist/default/production\lab04_master.X.production.sym \
  --cmf=dist/default/production\lab04_master.X.production.cmf -z -Q16F887 \
  -oC:\Users\angel\AppData\Local\Temp\snu8.2 --defsym=__MPLAB_BUILD=1 \
  -Mdist/default/production/lab04_master.X.production.map -E1 \
  -ver=XC8 Compiler --acfsm=1493 -ASTACK=0110h-016Fh -pstack=STACK \
  -ACODE=00h-07FFhx4 -ASTRCODE=00h-01FFFh -ASTRING=00h-0FFhx32 \
  -ACONST=00h-0FFhx32 -AENTRY=00h-0FFhx32 -ACOMMON=070h-07Fh \
  -ABANK0=020h-06Fh -ABANK1=0A0h-0EFh -ABANK2=0110h-016Fh \
  -ABANK3=0190h-01EFh -ARAM=020h-06Fh,0A0h-0EFh,0110h-016Fh,0190h-01EFh \
  -AABS1=020h-07Fh,0A0h-0EFh,0110h-016Fh,0190h-01EFh -ASFR0=00h-01Fh \
  -ASFR1=080h-09Fh -ASFR2=0100h-010Fh -ASFR3=0180h-018Fh \
  -ACONFIG=02007h-02008h -DCONFIG=2 -AIDLOC=02000h-02003h -DIDLOC=2 \
  -AEEDATA=00h-0FFh/02100h -peeprom_data=EEDATA -DEEDATA=2 -DCODE=2 \
  -DSTRCODE=2 -DSTRING=2 -DCONST=2 -DENTRY=2 \
  -preset_vec=00h,intentry,init,end_init -ppowerup=CODE -pcinit=CODE \
  -pfunctab=ENTRY -k C:\Users\angel\AppData\Local\Temp\snu8.o \
  dist/default/production\lab04_master.X.production.o 

Object code version is 3.11

Machine type is 16F887



                Name                               Link     Load   Length Selector   Space Scale
C:\Users\angel\AppData\Local\Temp\snu8.o
                end_init                              0        0        3        0       0
                config                             2007     2007        2        0       4
dist/default/production\lab04_master.X.production.o
                cinit                               7EB      7EB       15      FD6       0
                config                             2007     2007        2        0       4
                text16                              294      294       66      528       0
                text15                              1C0      1C0       38      380       0
                text14                              10F      10F        D      21E       0
                text13                              192      192       2E      324       0
                text12                               F3       F3        9      1E6       0
                text11                               FC       FC        9      1F8       0
                text10                              105      105        A      20A       0
                text9                               2FA      2FA       AF      5F4       0
                text8                               11C      11C       16      238       0
                text7                               132      132       16      264       0
                text6                               238      238       5C      470       0
                text5                               3A9      3A9       E3      752       0
                text4                               1F8      1F8       40      3F0       0
                text3                               148      148       1D      290       0
                text2                               165      165       2D      2CA       0
                text1                               48C      48C       EE      918       0
                maintext                            57A      57A      271      AF4       0
                cstackBANK0                          2F       2F        D       20       1
                cstackCOMMON                         70       70        E       70       1
                bssBANK0                             20       20        F       20       1
                strings                               3        3       21        6       0

TOTAL           Name                               Link     Load   Length     Space
        CLASS   STACK          

        CLASS   CODE           
                end_init                              0        0        3         0
                cinit                               7EB      7EB       15         0
                text16                              294      294       66         0
                text15                              1C0      1C0       38         0
                text14                              10F      10F        D         0
                text13                              192      192       2E         0
                text12                               F3       F3        9         0
                text11                               FC       FC        9         0
                text10                              105      105        A         0
                text9                               2FA      2FA       AF         0
                text8                               11C      11C       16         0
                text7                               132      132       16         0
                text6                               238      238       5C         0
                text5                               3A9      3A9       E3         0
                text4                               1F8      1F8       40         0
                text3                               148      148       1D         0
                text2                               165      165       2D         0
                text1                               48C      48C       EE         0
                maintext                            57A      57A      271         0

        CLASS   STRCODE        

        CLASS   STRING         
                strings                               3        3       21         0

        CLASS   CONST          

        CLASS   ENTRY          

        CLASS   COMMON         
                cstackCOMMON                         70       70        E         1

        CLASS   BANK0          
                cstackBANK0                          2F       2F        D         1
                bssBANK0                             20       20        F         1

        CLASS   BANK1          

        CLASS   BANK2          

        CLASS   BANK3          

        CLASS   RAM            

        CLASS   ABS1           
                abs_s1                               7E       7E        2         1

        CLASS   SFR0           

        CLASS   SFR1           

        CLASS   SFR2           

        CLASS   SFR3           

        CLASS   CONFIG         
                config                             2007     2007        2         4

        CLASS   IDLOC          

        CLASS   EEDATA         



SEGMENTS        Name                           Load    Length   Top    Selector   Space  Class     Delta

                reset_vec                      000000  000003  000003         0       0  CODE        2
                strings                        000003  000021  000024         6       0  STRING      2
                bssBANK0                       000020  00001C  00003C        20       1  BANK0       1
                cstackCOMMON                   000070  00000E  00007E        70       1  COMMON      1
                text12                         0000F3  000009  0000FC       1E6       0  CODE        2
                text11                         0000FC  000009  000105       1F8       0  CODE        2
                text10                         000105  00000A  00010F       20A       0  CODE        2
                text14                         00010F  00000D  00011C       21E       0  CODE        2
                text8                          00011C  000016  000132       238       0  CODE        2
                text7                          000132  000016  000148       264       0  CODE        2
                text3                          000148  00001D  000165       290       0  CODE        2
                text2                          000165  00002D  000192       2CA       0  CODE        2
                text13                         000192  00002E  0001C0       324       0  CODE        2
                text15                         0001C0  000038  0001F8       380       0  CODE        2
                text4                          0001F8  000040  000238       3F0       0  CODE        2
                text6                          000238  00005C  000294       470       0  CODE        2
                text16                         000294  000066  0002FA       528       0  CODE        2
                text9                          0002FA  0000AF  0003A9       5F4       0  CODE        2
                text5                          0003A9  0000E3  00048C       752       0  CODE        2
                text1                          00048C  0000EE  00057A       918       0  CODE        2
                maintext                       00057A  000271  0007EB       AF4       0  CODE        2
                cinit                          0007EB  000015  000800       FD6       0  CODE        2


UNUSED ADDRESS RANGES

        Name                Unused          Largest block    Delta
        BANK0            003C-006F             34           1
        BANK1            00A0-00EF             50           1
        BANK2            0110-016F             60           1
        BANK3            0190-01EF             60           1
        CODE             0024-00F2             CF           2
                         0800-1FFF            800
        CONST            0024-00F2             CF           2
                         0800-1FFF            100
        EEDATA           2100-21FF            100           2
        ENTRY            0024-00F2             CF           2
                         0800-1FFF            100
        IDLOC            2000-2003              4           2
        RAM              003C-006F             34           1
                         00A0-00EF             50
                         0110-016F             60
                         0190-01EF             60
        SFR0             0000-001F             20           1
        SFR1             0080-009F             20           1
        SFR2             0100-010F             10           1
        SFR3             0180-018F             10           1
        STACK            0110-016F             60           1
        STRCODE          0024-00F2             CF           2
                         0800-1FFF           1800
        STRING           0024-00F2             CF           2
                         0800-1FFF            100

                                  Symbol Table

?_I2C_Master_Read          cstackCOMMON 0070
?___lldiv                  cstackCOMMON 0070
I2C_Master_Init@c          cstackBANK0  002F
I2C_Master_Read@a          cstackCOMMON 0070
I2C_Master_Read@temp       cstackCOMMON 0074
I2C_Master_Write@d         cstackCOMMON 0070
_ADC                       bssBANK0     002E
_ANSEL                     (abs)        0188
_ANSELH                    (abs)        0189
_GIE                       (abs)        005F
_I2C_Master_Init           text15       01C0
_I2C_Master_Read           text13       0192
_I2C_Master_Start          text12       00F3
_I2C_Master_Stop           text11       00FC
_I2C_Master_Wait           text14       010F
_I2C_Master_Write          text10       0105
_OSCCONbits                (abs)        008F
_PEIE                      (abs)        005E
_PORTA                     (abs)        0005
_PORTB                     (abs)        0006
_PORTC                     (abs)        0007
_PORTD                     (abs)        0008
_PORTE                     (abs)        0009
_RE0                       (abs)        0048
_RE1                       (abs)        0049
_RE2                       (abs)        004A
_SSPADD                    (abs)        0093
_SSPBUF                    (abs)        0013
_SSPCON                    (abs)        0014
_SSPCON2                   (abs)        0091
_SSPCON2bits               (abs)        0091
_SSPIE                     (abs)        0463
_SSPIF                     (abs)        0063
_SSPSTAT                   (abs)        0094
_TRISA                     (abs)        0085
_TRISB                     (abs)        0086
_TRISC3                    (abs)        043B
_TRISC4                    (abs)        043C
_TRISCbits                 (abs)        0087
_TRISD                     (abs)        0088
_TRISE                     (abs)        0089
__Habs1                    abs1         0000
__Hbank0                   bank0        0000
__Hbank1                   bank1        0000
__Hbank2                   bank2        0000
__Hbank3                   bank3        0000
__HbssBANK0                bssBANK0     0000
__Hcinit                   cinit        0800
__Hclrtext                 clrtext      0000
__Hcode                    code         0000
__Hcommon                  common       0000
__Hconfig                  config       2009
__HcstackBANK0             cstackBANK0  0000
__HcstackCOMMON            cstackCOMMON 0000
__Heeprom_data             eeprom_data  0000
__Hend_init                end_init     0003
__Hfunctab                 functab      0000
__Hinit                    init         0000
__Hintentry                intentry     0000
__Hmaintext                maintext     0000
__Hpowerup                 powerup      0000
__Hram                     ram          0000
__Hreset_vec               reset_vec    0000
__Hsfr0                    sfr0         0000
__Hsfr1                    sfr1         0000
__Hsfr2                    sfr2         0000
__Hsfr3                    sfr3         0000
__Hspace_0                 (abs)        0800
__Hspace_1                 (abs)        007E
__Hspace_2                 (abs)        0000
__Hspace_3                 (abs)        0000
__Hspace_4                 (abs)        4010
__Hstack                   stack        0000
__Hstrings                 strings      0000
__Htext                    text         0000
__Labs1                    abs1         0000
__Lbank0                   bank0        0000
__Lbank1                   bank1        0000
__Lbank2                   bank2        0000
__Lbank3                   bank3        0000
__LbssBANK0                bssBANK0     0000
__Lcinit                   cinit        07EB
__Lclrtext                 clrtext      0000
__Lcode                    code         0000
__Lcommon                  common       0000
__Lconfig                  config       0000
__LcstackBANK0             cstackBANK0  0000
__LcstackCOMMON            cstackCOMMON 0000
__Leeprom_data             eeprom_data  0000
__Lend_init                end_init     0000
__Lfunctab                 functab      0000
__Linit                    init         0000
__Lintentry                intentry     0000
__Lmaintext                maintext     0000
__Lpowerup                 powerup      0000
__Lram                     ram          0000
__Lreset_vec               reset_vec    0000
__Lsfr0                    sfr0         0000
__Lsfr1                    sfr1         0000
__Lsfr2                    sfr2         0000
__Lsfr3                    sfr3         0000
__Lspace_0                 (abs)        0000
__Lspace_1                 (abs)        0000
__Lspace_2                 (abs)        0000
__Lspace_3                 (abs)        0000
__Lspace_4                 (abs)        0000
__Lstack                   stack        0000
__Lstrings                 strings      0000
__Ltext                    text         0000
__S0                       (abs)        0800
__S1                       (abs)        007E
__S2                       (abs)        0000
__S3                       (abs)        0000
___int_sp                  stack        0000
___latbits                 (abs)        0002
___lldiv                   text16       0294
___lldiv@counter           cstackCOMMON 007D
___lldiv@dividend          cstackCOMMON 0074
___lldiv@divisor           cstackCOMMON 0070
___lldiv@quotient          cstackCOMMON 0079
___sp                      stack        0000
___stackhi                 (abs)        0000
___stacklo                 (abs)        0000
__end_of_I2C_Master_Init   text15       01F8
__end_of_I2C_Master_Read   text13       01C0
__end_of_I2C_Master_Start  text12       00FC
__end_of_I2C_Master_Stop   text11       0105
__end_of_I2C_Master_Wait   text14       011C
__end_of_I2C_Master_Write  text10       010F
__end_of___lldiv           text16       02FA
__end_of__initialization   cinit        07FC
__end_of__stringtab        strings      0013
__end_of_caracteres_LCD    text3        0165
__end_of_centenas          text9        03A9
__end_of_centrado_LCD      text7        0148
__end_of_comando_LCD       text8        0132
__end_of_conf_OSCCON       text6        0294
__end_of_decenas           text5        048C
__end_of_init_LCD          text4        0238
__end_of_main              maintext     07EB
__end_of_sed_LCD           text2        0192
__end_of_unidades          text1        057A
__initialization           cinit        07EB
__pbssBANK0                bssBANK0     0020
__pcstackBANK0             cstackBANK0  002F
__pcstackCOMMON            cstackCOMMON 0070
__pmaintext                maintext     057A
__pstrings                 strings      0003
__ptext1                   text1        048C
__ptext10                  text10       0105
__ptext11                  text11       00FC
__ptext12                  text12       00F3
__ptext13                  text13       0192
__ptext14                  text14       010F
__ptext15                  text15       01C0
__ptext16                  text16       0294
__ptext2                   text2        0165
__ptext3                   text3        0148
__ptext4                   text4        01F8
__ptext5                   text5        03A9
__ptext6                   text6        0238
__ptext7                   text7        0132
__ptext8                   text8        011C
__ptext9                   text9        02FA
__size_of_I2C_Master_Init  (abs)        0000
__size_of_I2C_Master_Read  (abs)        0000
__size_of_I2C_Master_Start (abs)        0000
__size_of_I2C_Master_Stop  (abs)        0000
__size_of_I2C_Master_Wait  (abs)        0000
__size_of_I2C_Master_Write (abs)        0000
__size_of___lldiv          (abs)        0000
__size_of_caracteres_LCD   (abs)        0000
__size_of_centenas         (abs)        0000
__size_of_centrado_LCD     (abs)        0000
__size_of_comando_LCD      (abs)        0000
__size_of_conf_OSCCON      (abs)        0000
__size_of_decenas          (abs)        0000
__size_of_init_LCD         (abs)        0000
__size_of_main             (abs)        0000
__size_of_sed_LCD          (abs)        0000
__size_of_unidades         (abs)        0000
__stringbase               strings      0012
__stringtab                strings      0003
_caracteres_LCD            text3        0148
_centenas                  text9        02FA
_centrado_LCD              text7        0132
_comando_LCD               text8        011C
_conf_OSCCON               text6        0238
_conta                     bssBANK0     002D
_contador                  bssBANK0     0026
_conver                    bssBANK0     0020
_decenas                   text5        03A9
_init_LCD                  text4        01F8
_main                      maintext     057A
_sed_LCD                   text2        0165
_tempe                     bssBANK0     0027
_temperatura               bssBANK0     0024
_unidades                  text1        048C
_volt                      bssBANK0     002A
btemp                      (abs)        007E
caracteres_LCD@data        cstackCOMMON 0071
centenas@cantidad          cstackCOMMON 0070
centenas@centenas          cstackCOMMON 007C
centenas@cont              cstackCOMMON 0078
centrado_LCD@x             cstackCOMMON 0073
centrado_LCD@y             cstackCOMMON 0072
comando_LCD@dato           cstackCOMMON 0071
conf_OSCCON@frecuencia     cstackCOMMON 0072
decenas@cantidad           cstackCOMMON 0070
decenas@cont               cstackCOMMON 0078
decenas@decenas            cstackCOMMON 007C
end_of_initialization      cinit        07FC
intlevel0                  functab      0000
intlevel1                  functab      0000
intlevel2                  functab      0000
intlevel3                  functab      0000
intlevel4                  functab      0000
intlevel5                  functab      0000
reset_vec                  reset_vec    0000
sed_LCD@dato               cstackCOMMON 0072
start                      init         0000
start_initialization       cinit        07EB
unidades@cantidad          cstackCOMMON 0070
unidades@cont              cstackCOMMON 0078
unidades@unidades          cstackCOMMON 007C
wtemp0                     (abs)        007E


FUNCTION INFORMATION:

 *************** function _main *****************
 Defined at:
		line 50 in file "master_main.c"
 Parameters:    Size  Location     Type
		None
 Auto vars:     Size  Location     Type
		None
 Return value:  Size  Location     Type
                  1    wreg      void 
 Registers used:
		wreg, fsr0l, fsr0h, status,2, status,0, btemp+1, pclath, cstack
 Tracked objects:
		On entry : 
		On exit  : 
		Unchanged: 
 Data sizes:     COMMON   BANK0   BANK1   BANK3   BANK2
      Params:         0       0       0       0       0
      Locals:         0       0       0       0       0
      Temps:          0       5       0       0       0
      Totals:         0       5       0       0       0
Total ram usage:        5 bytes
 Hardware stack levels required when called:    2
 This function calls:
		_I2C_Master_Init
		_I2C_Master_Read
		_I2C_Master_Start
		_I2C_Master_Stop
		_I2C_Master_Write
		_centenas
		_centrado_LCD
		_conf_OSCCON
		_decenas
		_init_LCD
		_sed_LCD
		_unidades
 This function is called by:
		Startup code after reset
 This function uses a non-reentrant model


 *************** function _unidades *****************
 Defined at:
		line 201 in file "libreria_master.c"
 Parameters:    Size  Location     Type
  cantidad        4    0[COMMON] unsigned long 
 Auto vars:     Size  Location     Type
  cont            4    8[COMMON] unsigned long 
  unidades        1   12[COMMON] unsigned char 
 Return value:  Size  Location     Type
                  1    wreg      unsigned char 
 Registers used:
		wreg, fsr0l, fsr0h, status,2, status,0
 Tracked objects:
		On entry : 
		On exit  : 
		Unchanged: 
 Data sizes:     COMMON   BANK0   BANK1   BANK3   BANK2
      Params:         4       0       0       0       0
      Locals:         5       0       0       0       0
      Temps:          4       0       0       0       0
      Totals:        13       0       0       0       0
Total ram usage:       13 bytes
 Hardware stack levels used:    1
 This function calls:
		Nothing
 This function is called by:
		_main
 This function uses a non-reentrant model


 *************** function _sed_LCD *****************
 Defined at:
		line 95 in file "libreria_master.c"
 Parameters:    Size  Location     Type
  dato            2    2[COMMON] PTR unsigned char 
		 -> tempe(3), conta(1), volt(3), STR_1(17), 
 Auto vars:     Size  Location     Type
		None
 Return value:  Size  Location     Type
                  1    wreg      void 
 Registers used:
		wreg, fsr0l, fsr0h, status,2, status,0, btemp+1, pclath, cstack
 Tracked objects:
		On entry : 
		On exit  : 
		Unchanged: 
 Data sizes:     COMMON   BANK0   BANK1   BANK3   BANK2
      Params:         2       0       0       0       0
      Locals:         0       0       0       0       0
      Temps:          1       0       0       0       0
      Totals:         3       0       0       0       0
Total ram usage:        3 bytes
 Hardware stack levels used:    1
 Hardware stack levels required when called:    1
 This function calls:
		_caracteres_LCD
 This function is called by:
		_main
 This function uses a non-reentrant model


 *************** function _caracteres_LCD *****************
 Defined at:
		line 104 in file "libreria_master.c"
 Parameters:    Size  Location     Type
  data            1    wreg     unsigned char 
 Auto vars:     Size  Location     Type
  data            1    1[COMMON] unsigned char 
 Return value:  Size  Location     Type
                  1    wreg      void 
 Registers used:
		wreg
 Tracked objects:
		On entry : 
		On exit  : 
		Unchanged: 
 Data sizes:     COMMON   BANK0   BANK1   BANK3   BANK2
      Params:         0       0       0       0       0
      Locals:         1       0       0       0       0
      Temps:          1       0       0       0       0
      Totals:         2       0       0       0       0
Total ram usage:        2 bytes
 Hardware stack levels used:    1
 This function calls:
		Nothing
 This function is called by:
		_sed_LCD
 This function uses a non-reentrant model


 *************** function _init_LCD *****************
 Defined at:
		line 50 in file "libreria_master.c"
 Parameters:    Size  Location     Type
		None
 Auto vars:     Size  Location     Type
		None
 Return value:  Size  Location     Type
                  1    wreg      void 
 Registers used:
		wreg, status,2, status,0, pclath, cstack
 Tracked objects:
		On entry : 
		On exit  : 
		Unchanged: 
 Data sizes:     COMMON   BANK0   BANK1   BANK3   BANK2
      Params:         0       0       0       0       0
      Locals:         0       0       0       0       0
      Temps:          2       0       0       0       0
      Totals:         2       0       0       0       0
Total ram usage:        2 bytes
 Hardware stack levels used:    1
 Hardware stack levels required when called:    1
 This function calls:
		_comando_LCD
 This function is called by:
		_main
 This function uses a non-reentrant model


 *************** function _decenas *****************
 Defined at:
		line 160 in file "libreria_master.c"
 Parameters:    Size  Location     Type
  cantidad        4    0[COMMON] unsigned long 
 Auto vars:     Size  Location     Type
  cont            4    8[COMMON] unsigned long 
  decenas         1   12[COMMON] unsigned char 
 Return value:  Size  Location     Type
                  1    wreg      unsigned char 
 Registers used:
		wreg, fsr0l, fsr0h, status,2, status,0
 Tracked objects:
		On entry : 
		On exit  : 
		Unchanged: 
 Data sizes:     COMMON   BANK0   BANK1   BANK3   BANK2
      Params:         4       0       0       0       0
      Locals:         5       0       0       0       0
      Temps:          4       0       0       0       0
      Totals:        13       0       0       0       0
Total ram usage:       13 bytes
 Hardware stack levels used:    1
 This function calls:
		Nothing
 This function is called by:
		_main
 This function uses a non-reentrant model


 *************** function _conf_OSCCON *****************
 Defined at:
		line 16 in file "libreria_master.c"
 Parameters:    Size  Location     Type
  frecuencia      1    wreg     unsigned char 
 Auto vars:     Size  Location     Type
  frecuencia      1    2[COMMON] unsigned char 
 Return value:  Size  Location     Type
                  1    wreg      void 
 Registers used:
		wreg, fsr0l, fsr0h, status,2, status,0
 Tracked objects:
		On entry : 
		On exit  : 
		Unchanged: 
 Data sizes:     COMMON   BANK0   BANK1   BANK3   BANK2
      Params:         0       0       0       0       0
      Locals:         1       0       0       0       0
      Temps:          2       0       0       0       0
      Totals:         3       0       0       0       0
Total ram usage:        3 bytes
 Hardware stack levels used:    1
 This function calls:
		Nothing
 This function is called by:
		_main
 This function uses a non-reentrant model


 *************** function _centrado_LCD *****************
 Defined at:
		line 85 in file "libreria_master.c"
 Parameters:    Size  Location     Type
  x               1    wreg     unsigned char 
  y               1    2[COMMON] unsigned char 
 Auto vars:     Size  Location     Type
  x               1    3[COMMON] unsigned char 
 Return value:  Size  Location     Type
                  1    wreg      void 
 Registers used:
		wreg, status,2, status,0, pclath, cstack
 Tracked objects:
		On entry : 
		On exit  : 
		Unchanged: 
 Data sizes:     COMMON   BANK0   BANK1   BANK3   BANK2
      Params:         1       0       0       0       0
      Locals:         1       0       0       0       0
      Temps:          0       0       0       0       0
      Totals:         2       0       0       0       0
Total ram usage:        2 bytes
 Hardware stack levels used:    1
 Hardware stack levels required when called:    1
 This function calls:
		_comando_LCD
 This function is called by:
		_main
 This function uses a non-reentrant model


 *************** function _comando_LCD *****************
 Defined at:
		line 72 in file "libreria_master.c"
 Parameters:    Size  Location     Type
  dato            1    wreg     unsigned char 
 Auto vars:     Size  Location     Type
  dato            1    1[COMMON] unsigned char 
 Return value:  Size  Location     Type
                  1    wreg      void 
 Registers used:
		wreg
 Tracked objects:
		On entry : 
		On exit  : 
		Unchanged: 
 Data sizes:     COMMON   BANK0   BANK1   BANK3   BANK2
      Params:         0       0       0       0       0
      Locals:         1       0       0       0       0
      Temps:          1       0       0       0       0
      Totals:         2       0       0       0       0
Total ram usage:        2 bytes
 Hardware stack levels used:    1
 This function calls:
		Nothing
 This function is called by:
		_init_LCD
		_centrado_LCD
 This function uses a non-reentrant model


 *************** function _centenas *****************
 Defined at:
		line 122 in file "libreria_master.c"
 Parameters:    Size  Location     Type
  cantidad        4    0[COMMON] unsigned long 
 Auto vars:     Size  Location     Type
  cont            4    8[COMMON] unsigned long 
  centenas        1   12[COMMON] unsigned char 
 Return value:  Size  Location     Type
                  1    wreg      unsigned char 
 Registers used:
		wreg, fsr0l, fsr0h, status,2, status,0
 Tracked objects:
		On entry : 
		On exit  : 
		Unchanged: 
 Data sizes:     COMMON   BANK0   BANK1   BANK3   BANK2
      Params:         4       0       0       0       0
      Locals:         5       0       0       0       0
      Temps:          4       0       0       0       0
      Totals:        13       0       0       0       0
Total ram usage:       13 bytes
 Hardware stack levels used:    1
 This function calls:
		Nothing
 This function is called by:
		_main
 This function uses a non-reentrant model


 *************** function _I2C_Master_Write *****************
 Defined at:
		line 65 in file "I2C.c"
 Parameters:    Size  Location     Type
  d               2    0[COMMON] unsigned int 
 Auto vars:     Size  Location     Type
		None
 Return value:  Size  Location     Type
                  1    wreg      void 
 Registers used:
		wreg, status,2, status,0, pclath, cstack
 Tracked objects:
		On entry : 
		On exit  : 
		Unchanged: 
 Data sizes:     COMMON   BANK0   BANK1   BANK3   BANK2
      Params:         2       0       0       0       0
      Locals:         0       0       0       0       0
      Temps:          0       0       0       0       0
      Totals:         2       0       0       0       0
Total ram usage:        2 bytes
 Hardware stack levels used:    1
 Hardware stack levels required when called:    1
 This function calls:
		_I2C_Master_Wait
 This function is called by:
		_main
 This function uses a non-reentrant model


 *************** function _I2C_Master_Stop *****************
 Defined at:
		line 55 in file "I2C.c"
 Parameters:    Size  Location     Type
		None
 Auto vars:     Size  Location     Type
		None
 Return value:  Size  Location     Type
                  1    wreg      void 
 Registers used:
		wreg, status,2, status,0, pclath, cstack
 Tracked objects:
		On entry : 
		On exit  : 
		Unchanged: 
 Data sizes:     COMMON   BANK0   BANK1   BANK3   BANK2
      Params:         0       0       0       0       0
      Locals:         0       0       0       0       0
      Temps:          0       0       0       0       0
      Totals:         0       0       0       0       0
Total ram usage:        0 bytes
 Hardware stack levels used:    1
 Hardware stack levels required when called:    1
 This function calls:
		_I2C_Master_Wait
 This function is called by:
		_main
 This function uses a non-reentrant model


 *************** function _I2C_Master_Start *****************
 Defined at:
		line 39 in file "I2C.c"
 Parameters:    Size  Location     Type
		None
 Auto vars:     Size  Location     Type
		None
 Return value:  Size  Location     Type
                  1    wreg      void 
 Registers used:
		wreg, status,2, status,0, pclath, cstack
 Tracked objects:
		On entry : 
		On exit  : 
		Unchanged: 
 Data sizes:     COMMON   BANK0   BANK1   BANK3   BANK2
      Params:         0       0       0       0       0
      Locals:         0       0       0       0       0
      Temps:          0       0       0       0       0
      Totals:         0       0       0       0       0
Total ram usage:        0 bytes
 Hardware stack levels used:    1
 Hardware stack levels required when called:    1
 This function calls:
		_I2C_Master_Wait
 This function is called by:
		_main
 This function uses a non-reentrant model


 *************** function _I2C_Master_Read *****************
 Defined at:
		line 74 in file "I2C.c"
 Parameters:    Size  Location     Type
  a               2    0[COMMON] unsigned short 
 Auto vars:     Size  Location     Type
  temp            2    4[COMMON] unsigned short 
 Return value:  Size  Location     Type
                  2    0[COMMON] unsigned short 
 Registers used:
		wreg, status,2, status,0, pclath, cstack
 Tracked objects:
		On entry : 
		On exit  : 
		Unchanged: 
 Data sizes:     COMMON   BANK0   BANK1   BANK3   BANK2
      Params:         2       0       0       0       0
      Locals:         2       0       0       0       0
      Temps:          2       0       0       0       0
      Totals:         6       0       0       0       0
Total ram usage:        6 bytes
 Hardware stack levels used:    1
 Hardware stack levels required when called:    1
 This function calls:
		_I2C_Master_Wait
 This function is called by:
		_main
 This function uses a non-reentrant model


 *************** function _I2C_Master_Wait *****************
 Defined at:
		line 32 in file "I2C.c"
 Parameters:    Size  Location     Type
		None
 Auto vars:     Size  Location     Type
		None
 Return value:  Size  Location     Type
                  1    wreg      void 
 Registers used:
		wreg, status,2
 Tracked objects:
		On entry : 
		On exit  : 
		Unchanged: 
 Data sizes:     COMMON   BANK0   BANK1   BANK3   BANK2
      Params:         0       0       0       0       0
      Locals:         0       0       0       0       0
      Temps:          0       0       0       0       0
      Totals:         0       0       0       0       0
Total ram usage:        0 bytes
 Hardware stack levels used:    1
 This function calls:
		Nothing
 This function is called by:
		_I2C_Master_Start
		_I2C_Master_Stop
		_I2C_Master_Write
		_I2C_Master_Read
		_I2C_Master_RepeatedStart
 This function uses a non-reentrant model


 *************** function _I2C_Master_Init *****************
 Defined at:
		line 16 in file "I2C.c"
 Parameters:    Size  Location     Type
  c               4    0[BANK0 ] const unsigned long 
 Auto vars:     Size  Location     Type
		None
 Return value:  Size  Location     Type
                  1    wreg      void 
 Registers used:
		wreg, status,2, status,0, pclath, cstack
 Tracked objects:
		On entry : 
		On exit  : 
		Unchanged: 
 Data sizes:     COMMON   BANK0   BANK1   BANK3   BANK2
      Params:         0       4       0       0       0
      Locals:         0       0       0       0       0
      Temps:          0       4       0       0       0
      Totals:         0       8       0       0       0
Total ram usage:        8 bytes
 Hardware stack levels used:    1
 Hardware stack levels required when called:    1
 This function calls:
		___lldiv
 This function is called by:
		_main
 This function uses a non-reentrant model


 *************** function ___lldiv *****************
 Defined at:
		line 5 in file "C:\Program Files\Microchip\xc8\v2.31\pic\sources\c90\common\__lldiv.c"
 Parameters:    Size  Location     Type
  divisor         4    0[COMMON] unsigned long 
  dividend        4    4[COMMON] unsigned long 
 Auto vars:     Size  Location     Type
  quotient        4    9[COMMON] unsigned long 
  counter         1   13[COMMON] unsigned char 
 Return value:  Size  Location     Type
                  4    0[COMMON] unsigned long 
 Registers used:
		wreg, status,2, status,0
 Tracked objects:
		On entry : 
		On exit  : 
		Unchanged: 
 Data sizes:     COMMON   BANK0   BANK1   BANK3   BANK2
      Params:         8       0       0       0       0
      Locals:         5       0       0       0       0
      Temps:          1       0       0       0       0
      Totals:        14       0       0       0       0
Total ram usage:       14 bytes
 Hardware stack levels used:    1
 This function calls:
		Nothing
 This function is called by:
		_I2C_Master_Init
 This function uses a non-reentrant model



MODULE INFORMATION

Module		Function		Class		Link	Load	Size
C:\Program Files\Microchip\xc8\v2.31\pic\sources\c90\common\__lldiv.c
		___lldiv       		CODE           	0294	0000	102

C:\Program Files\Microchip\xc8\v2.31\pic\sources\c90\common\__lldiv.c estimated size: 102

libreria_master.c
		_caracteres_LCD		CODE           	0148	0000	29
		_comando_LCD   		CODE           	011C	0000	22
		_unidades      		CODE           	048C	0000	238
		_init_LCD      		CODE           	01F8	0000	64
		_conf_OSCCON   		CODE           	0238	0000	92
		_decenas       		CODE           	03A9	0000	227
		_centrado_LCD  		CODE           	0132	0000	22
		_sed_LCD       		CODE           	0165	0000	45
		_centenas      		CODE           	02FA	0000	175

libreria_master.c estimated size: 914

I2C.c
		_I2C_Master_Read		CODE           	0192	0000	46
		_I2C_Master_Wait		CODE           	010F	0000	13
		_I2C_Master_Init		CODE           	01C0	0000	56
		_I2C_Master_Stop		CODE           	00FC	0000	9
		_I2C_Master_Write		CODE           	0105	0000	10
		_I2C_Master_Start		CODE           	00F3	0000	9

I2C.c estimated size: 143

shared
		__stringtab    		STRING         	0003	0000	16
		__initialization		CODE           	07EB	0000	17

shared estimated size: 33

master_main.c
		_main          		CODE           	057A	0000	625

master_main.c estimated size: 625

